<?xml version="1.0" encoding="utf-8"?><testsuites name="pytest tests"><testsuite name="pytest" errors="0" failures="0" skipped="0" tests="39" time="30.321" timestamp="2025-08-07T13:00:19.430583+00:00" hostname="DESKTOP-N5VIQ32"><testcase classname="polls.tests.test_serializers.TestPollOptionSerializer" name="test_deserialization_valid" time="3.639" /><testcase classname="polls.tests.test_models.TestPollModel" name="test_poll_creation" time="3.711" /><testcase classname="polls.tests.test_models.TestPollOptionModel" name="test_poll_option_creation" time="3.792" /><testcase classname="polls.tests.test_models.TestPollModel" name="test_poll_status_closed" time="3.807" /><testcase classname="polls.tests.test_serializers.TestPollSerializer" name="test_serialization" time="3.988" /><testcase classname="polls.tests.test_models.TestVoteModel" name="test_unique_vote_per_user_per_poll" time="3.986" /><testcase classname="polls.tests.test_serializers.TestVoteSerializer" name="test_deserialization_valid" time="3.987" /><testcase classname="polls.tests.test_models.TestVoteModel" name="test_vote_creation" time="3.983" /><testcase classname="polls.tests.test_serializers.TestVoteSerializer" name="test_deserialization_invalid" time="0.032" /><testcase classname="tests.integration_tests" name="test_invalid_registration" time="0.091" /><testcase classname="users.tests.test_models.TestUserModel" name="test_user_str_representation" time="2.772" /><testcase classname="polls.tests.test_models.TestPollModel" name="test_poll_str_representation" time="2.744" /><testcase classname="tests.integration_tests" name="test_protected_endpoints" time="6.127" /><testcase classname="polls.tests.test_serializers.TestPollSerializer" name="test_deserialization_valid_create_with_options" time="2.717" /><testcase classname="users.tests.test_models.TestUserModel" name="test_superuser_creation" time="5.247" /><testcase classname="users.tests.test_models.TestUserModel" name="test_unique_email" time="7.048" /><testcase classname="polls.tests.test_serializers.TestVoteSerializer" name="test_serialization" time="3.946" /><testcase classname="polls.tests.test_models.TestPollOptionModel" name="test_poll_option_str_representation" time="3.922" /><testcase classname="polls.tests.test_serializers.TestPollSerializer" name="test_deserialization_invalid_missing_title" time="0.028" /><testcase classname="tests.integration_tests" name="test_user_registration" time="9.330" /><testcase classname="polls.tests.test_models.TestPollModel" name="test_poll_status_open" time="4.084" /><testcase classname="polls.tests.test_serializers.TestPollOptionSerializer" name="test_serialization" time="3.875" /><testcase classname="users.tests.test_views.TestUserViewSet" name="test_list_users_unauthenticated" time="0.853" /><testcase classname="polls.tests.test_views.PollViewTests" name="test_list_view" time="3.261" /><testcase classname="users.tests.test_models.TestUserModel" name="test_user_creation" time="8.521" /><testcase classname="polls.tests.test_models.TestVoteModel" name="test_vote_str_representation" time="6.359" /><testcase classname="tests.integration_tests" name="test_refresh_token" time="6.184" /><testcase classname="users.tests.test_serializers.TestUserSerializer" name="test_user_serialization" time="3.239" /><testcase classname="users.tests.test_models.TestUserModel" name="test_unique_username" time="5.439" /><testcase classname="users.tests.test_views.TestUserViewSet" name="test_update_user_self" time="3.149" /><testcase classname="users.tests.test_views.TestUserViewSet" name="test_retrieve_other_user_authenticated" time="6.324" /><testcase classname="users.tests.test_views.TestUserViewSet" name="test_delete_user_self" time="3.690" /><testcase classname="users.tests.test_views.TestUserViewSet" name="test_retrieve_user_authenticated" time="3.454" /><testcase classname="users.tests.test_views.TestUserViewSet" name="test_retrieve_user_unauthenticated" time="4.487" /><testcase classname="users.tests.test_views.TestUserViewSet" name="test_list_users_authenticated" time="7.550" /><testcase classname="users.tests.test_views.TestUserViewSet" name="test_update_user_other_user_authenticated" time="6.378" /><testcase classname="users.tests.test_views.TestUserViewSet" name="test_delete_user_other_user_authenticated" time="6.814" /><testcase classname="users.tests.test_views.TestUserViewSet" name="test_update_user_admin" time="6.135" /><testcase classname="users.tests.test_views.TestUserViewSet" name="test_delete_user_admin" time="4.793" /></testsuite></testsuites>