<?xml version="1.0" encoding="utf-8"?><testsuites name="pytest tests"><testsuite name="pytest" errors="0" failures="0" skipped="0" tests="2" time="2.669" timestamp="2025-08-03T02:28:29.295948+00:00" hostname="DESKTOP-N5VIQ32"><testcase classname="polls.tests.test_views.PollViewTests" name="test_list_view" time="1.312" /><testcase classname="tests.integration_tests.IntegrationTest" name="test_user_registration" time="1.094" /></testsuite></testsuites>